suresh@Sureshs-MacBook-Pro comments % git diff                        
diff --git a/Git_comments b/Git_comments
index 43d4661..5ba3f9f 100644
--- a/Git_comments
+++ b/Git_comments
@@ -69,3 +69,6 @@ git branch -m <new_branch_name>
 switch branch firstbranch
 # 2. merge with branch
 merge branch sencondbranch
+
+#Git Diff to identify the difference
+git diff
\ No newline at end of file
suresh@Sureshs-MacBook-Pro comments % 
suresh@Sureshs-MacBook-Pro comments % 

suresh@Sureshs-MacBook-Pro comments % git diff 
diff --git a/Git_comments b/Git_comments
index 43d4661..5ba3f9f 100644
--- a/Git_comments
+++ b/Git_comments
@@ -69,3 +69,6 @@ git branch -m <new_branch_name>
 switch branch firstbranch
 # 2. merge with branch
 merge branch sencondbranch
+
+#Git Diff to identify the difference
+git diff
\ No newline at end of file
suresh@Sureshs-MacBook-Pro comments % git status                      
On branch gitdiff
Changes not staged for commit:
  (use "git add <file>..." to update what will be committed)
  (use "git restore <file>..." to discard changes in working directory)
	modified:   Git_comments

Untracked files:
  (use "git add <file>..." to include in what will be committed)
	gitdiff.txt

no changes added to commit (use "git add" and/or "git commit -a")
suresh@Sureshs-MacBook-Pro comments % git add .
suresh@Sureshs-MacBook-Pro comments % git status
On branch gitdiff
Changes to be committed:
  (use "git restore --staged <file>..." to unstage)
	modified:   Git_comments
	new file:   gitdiff.txt

suresh@Sureshs-MacBook-Pro comments % git diff  
suresh@Sureshs-MacBook-Pro comments % git commit -m "Create gitdiff file"
[gitdiff 50152ba] Create gitdiff file
 2 files changed, 18 insertions(+)
 create mode 100644 gitdiff.txt
suresh@Sureshs-MacBook-Pro comments % 

suresh@Sureshs-MacBook-Pro comments % git diff  
diff --git a/Git_comments b/Git_comments
index 5ba3f9f..fda547b 100644
--- a/Git_comments
+++ b/Git_comments
@@ -70,5 +70,8 @@ switch branch firstbranch
 # 2. merge with branch
 merge branch sencondbranch
 
-#Git Diff to identify the difference
-git diff
\ No newline at end of file
+
+
+#removed above line and added new line of same comment to find the diff status
+
+#Git Diff to identify the difference
\ No newline at end of file
suresh@Sureshs-MacBook-Pro comments % 
