suresh@Sureshs-MacBook-Pro git-learn % git remote add origin git@github.com:ssuresh27/git-learn.git
suresh@Sureshs-MacBook-Pro git-learn % git remote
origin
suresh@Sureshs-MacBook-Pro git-learn % git remote -v
origin	git@github.com:ssuresh27/git-learn.git (fetch)
origin	git@github.com:ssuresh27/git-learn.git (push)
suresh@Sureshs-MacBook-Pro git-learn % 

# push remote main branch

suresh@Sureshs-MacBook-Pro git-learn % git push origin main
Enumerating objects: 189, done.
Counting objects: 100% (189/189), done.
Delta compression using up to 8 threads
Compressing objects: 100% (179/179), done.
Writing objects: 100% (189/189), 23.45 KiB | 4.69 MiB/s, done.
Total 189 (delta 107), reused 0 (delta 0), pack-reused 0
remote: Resolving deltas: 100% (107/107), done.
To github.com:ssuresh27/git-learn.git
 * [new branch]      main -> main
suresh@Sureshs-MacBook-Pro git-learn % git branch -v       
* main 0cf432e git remote comments to add, rename and remove
suresh@Sureshs-MacBook-Pro git-learn % git status
On branch main
nothing to commit, working tree clean
suresh@Sureshs-MacBook-Pro git-learn % git remote -v
origin	git@github.com:ssuresh27/git-learn.git (fetch)
origin	git@github.com:ssuresh27/git-learn.git (push)
suresh@Sureshs-MacBook-Pro git-learn % 

-- push new branch to remote

suresh@Sureshs-MacBook-Pro git-learn % git push origin deleteme
Total 0 (delta 0), reused 0 (delta 0), pack-reused 0
remote: 
remote: Create a pull request for 'deleteme' on GitHub by visiting:
remote:      https://github.com/ssuresh27/git-learn/pull/new/deleteme
remote: 
To github.com:ssuresh27/git-learn.git
 * [new branch]      deleteme -> deleteme
suresh@Sureshs-MacBook-Pro git-learn %

-- Git remote branch info

ssuresh@z1xd7steprdn041:~/Git/git-learn$ git remote -v
origin  git@github.com:ssuresh27/git-learn.git (fetch)
origin  git@github.com:ssuresh27/git-learn.git (push)
ssuresh@z1xd7steprdn041:~/Git/git-learn$ git branch -v
* main 4a54def using set-upstream to push setup custom branch
ssuresh@z1xd7steprdn041:~/Git/git-learn$ git branch -r
  origin/HEAD -> origin/main
  origin/deleteme
  origin/main
ssuresh@z1xd7steprdn041:~/Git/git-learn$ 


ssuresh@z1xd7steprdn041:~/Git/git-learn$ git commit -am "branch -r to list remote branch info"
[main 4114b06] branch -r to list remote branch info
 2 files changed, 20 insertions(+), 2 deletions(-)
ssuresh@z1xd7steprdn041:~/Git/git-learn$ git status
On branch main
Your branch is ahead of 'origin/main' by 1 commit.
  (use "git push" to publish your local commits)

nothing to commit, working tree clean
ssuresh@z1xd7steprdn041:~/Git/git-learn$ 

ssuresh@z1xd7steprdn041:~/Git/git-learn$ git checkout deleteme
Branch 'deleteme' set up to track remote branch 'deleteme' from 'origin'.
Switched to a new branch 'deleteme'
ssuresh@z1xd7steprdn041:~/Git/git-learn$ git branch -r
  origin/HEAD -> origin/main
  origin/deleteme
  origin/main
ssuresh@z1xd7steprdn041:~/Git/git-learn$ git branch 
* deleteme
  main
ssuresh@z1xd7steprdn041:~/Git/git-learn$ git branch -v
* deleteme 0cf432e git remote comments to add, rename and remove
  main     978ac62 local commit on remote branch
ssuresh@z1xd7steprdn041:~/Git/git-learn$ git switch main
Switched to branch 'main'
Your branch is up to date with 'origin/main'.
ssuresh@z1xd7steprdn041:~/Git/git-learn$ git switch deleteme
Switched to branch 'deleteme'
Your branch is up to date with 'origin/deleteme'.
ssuresh@z1xd7steprdn041:~/Git/git-learn$ 


ssuresh@z1xd7steprdn041:~/Git/git-learn$ git status
On branch main
Your branch is up to date with 'origin/main'.

Changes not staged for commit:
  (use "git add <file>..." to update what will be committed)
  (use "git restore <file>..." to discard changes in working directory)
        modified:   gitremote_comments

no changes added to commit (use "git add" and/or "git commit -a")
ssuresh@z1xd7steprdn041:~/Git/git-learn$ git add .
ssuresh@z1xd7steprdn041:~/Git/git-learn$ git commit -m "git fetch bring the remote branch updates to local stage area but not avaiable in workarea"
[main 557d62a] git fetch bring the remote branch updates to local stage area but not avaiable in workarea
 1 file changed, 7 insertions(+)
ssuresh@z1xd7steprdn041:~/Git/git-learn$ git status
On branch main
Your branch is ahead of 'origin/main' by 1 commit.
  (use "git push" to publish your local commits)

nothing to commit, working tree clean
ssuresh@z1xd7steprdn041:~/Git/git-learn$ git push origin main
Enumerating objects: 5, done.
Counting objects: 100% (5/5), done.
Delta compression using up to 2 threads
Compressing objects: 100% (3/3), done.
Writing objects: 100% (3/3), 480 bytes | 480.00 KiB/s, done.
Total 3 (delta 2), reused 0 (delta 0)
remote: Resolving deltas: 100% (2/2), completed with 2 local objects.
To github.com:ssuresh27/git-learn.git
   b7c4eb7..557d62a  main -> main
ssuresh@z1xd7steprdn041:~/Git/git-learn$ git status
On branch main
Your branch is up to date with 'origin/main'.

nothing to commit, working tree clean
ssuresh@z1xd7steprdn041:~/Git/git-learn$ 


# Git Fetch and pull
ssuresh@z1xd7steprdn041:~/Git/git-learn$ git status
On branch main
Your branch is up to date with 'origin/main'.

nothing to commit, working tree clean
ssuresh@z1xd7steprdn041:~/Git/git-learn$ git fetch origin main
remote: Enumerating objects: 5, done.
remote: Counting objects: 100% (5/5), done.
remote: Compressing objects: 100% (3/3), done.
remote: Total 3 (delta 2), reused 0 (delta 0), pack-reused 0
Unpacking objects: 100% (3/3), 1.12 KiB | 191.00 KiB/s, done.
From github.com:ssuresh27/git-learn
 * branch            main       -> FETCH_HEAD
   557d62a..033242f  main       -> origin/main
ssuresh@z1xd7steprdn041:~/Git/git-learn$ git status
On branch main
Your branch is behind 'origin/main' by 1 commit, and can be fast-forwarded.
  (use "git pull" to update your local branch)

nothing to commit, working tree clean
ssuresh@z1xd7steprdn041:~/Git/git-learn$ 

ssuresh@z1xd7steprdn041:~/Git/git-learn$ git pull origin main
From github.com:ssuresh27/git-learn
 * branch            main       -> FETCH_HEAD
Updating 557d62a..033242f
Fast-forward
 gitremote.out | 40 +++++++++++++++++++++++++++++++++++++++-
 1 file changed, 39 insertions(+), 1 deletion(-)
ssuresh@z1xd7steprdn041:~/Git/git-learn$ git status
On branch main
Your branch is up to date with 'origin/main'.

nothing to commit, working tree clean
ssuresh@z1xd7steprdn041:~/Git/git-learn$ 

