# Git stash
suresh@Sureshs-MacBook-Pro git-learn % git status                      
On branch stashnew
Changes not staged for commit:
  (use "git add <file>..." to update what will be committed)
  (use "git restore <file>..." to discard changes in working directory)
	modified:   Git_comments

no changes added to commit (use "git add" and/or "git commit -a")
suresh@Sureshs-MacBook-Pro git-learn % git switch stash 
error: Your local changes to the following files would be overwritten by checkout:
	Git_comments
Please commit your changes or stash them before you switch branches.
Aborting
suresh@Sureshs-MacBook-Pro git-learn % git stash 
Saved working directory and index state WIP on stashnew: 9d12e3e git stash intro
suresh@Sureshs-MacBook-Pro git-learn % git switch stash
warning: refname 'stash' is ambiguous.
Switched to branch 'stash'
suresh@Sureshs-MacBook-Pro git-learn % 

suresh@Sureshs-MacBook-Pro git-learn % git switch stashnew                   
Switched to branch 'stashnew'
suresh@Sureshs-MacBook-Pro git-learn % git status                            
On branch stashnew
nothing to commit, working tree clean
suresh@Sureshs-MacBook-Pro git-learn % git stash pop
On branch stashnew
Changes not staged for commit:
  (use "git add <file>..." to update what will be committed)
  (use "git restore <file>..." to discard changes in working directory)
	modified:   Git_comments

no changes added to commit (use "git add" and/or "git commit -a")
Dropped refs/stash@{0} (05876c9ecdd437d1bc4b4a3e84f10d69494c7f3c)
suresh@Sureshs-MacBook-Pro git-learn % git status         
On branch stashnew
Changes not staged for commit:
  (use "git add <file>..." to update what will be committed)
  (use "git restore <file>..." to discard changes in working directory)
	modified:   Git_comments

no changes added to commit (use "git add" and/or "git commit -a")
suresh@Sureshs-MacBook-Pro git-learn % git switch stash                      
error: Your local changes to the following files would be overwritten by checkout:
	Git_comments
Please commit your changes or stash them before you switch branches.
Aborting
suresh@Sureshs-MacBook-Pro git-learn % git stash       
Saved working directory and index state WIP on stashnew: 9d12e3e git stash intro
suresh@Sureshs-MacBook-Pro git-learn % git switch stash
warning: refname 'stash' is ambiguous.
Switched to branch 'stash'
suresh@Sureshs-MacBook-Pro git-learn % 

suresh@Sureshs-MacBook-Pro git-learn % git stash list
stash@{0}: WIP on stash: a54e45f Git status with apply
stash@{1}: WIP on stash: a54e45f Git status with apply
stash@{2}: WIP on stashnew: 9d12e3e git stash intro
suresh@Sureshs-MacBook-Pro git-learn % git stash apply stash@{0}
warning: refname 'stash' is ambiguous.
warning: refname 'stash' is ambiguous.
warning: refname 'stash' is ambiguous.
warning: refname 'stash' is ambiguous.
warning: refname 'stash' is ambiguous.
warning: refname 'stash' is ambiguous.
suresh@Sureshs-MacBook-Pro git-learn %

suresh@Sureshs-MacBook-Pro git-learn % git stash drop stash@{0}
warning: refname 'stash' is ambiguous.
warning: refname 'stash' is ambiguous.
warning: refname 'stash' is ambiguous.
warning: refname 'stash' is ambiguous.
warning: refname 'stash' is ambiguous.
warning: refname 'stash' is ambiguous.
error: 'stash@{0}' is not a stash reference
suresh@Sureshs-MacBook-Pro git-learn % git stash clear         
suresh@Sureshs-MacBook-Pro git-learn % git stash list          
suresh@Sureshs-MacBook-Pro git-learn % 
